// Jest Snapshot v1, https://goo.gl/fbAQLP

exports[`Form Should match snapshot 1`] = `"<div class=\\"styled__StForm-p2kz64-0 kNCWSz\\"><div class=\\"styled__StFormItem-p2kz64-1 kSxDuO\\"><span>Имя</span><input value=\\"\\" placeholder=\\"Введите имя\\"/></div><div class=\\"styled__StFormItem-p2kz64-1 kSxDuO\\"><span>Возраст</span><input value=\\"\\" placeholder=\\"Введите возраст\\"/></div><div class=\\"styled__StFormItem-p2kz64-1 kSxDuO\\"><span>Телефон</span><input value=\\"\\" placeholder=\\"Введите телефон\\"/></div><div class=\\"styled__StFormItem-p2kz64-1 kSxDuO\\"><span>Email</span><input value=\\"\\" placeholder=\\"Введите email\\"/></div><div class=\\"styled__StFormItem-p2kz64-1 kSxDuO\\"><span>Компания</span><input value=\\"\\" placeholder=\\"Название компании\\"/></div></div>"`;
